[
  {
    "note": "placeholder for ci_dialogues data â€“ integrate with Workbench runtime to populate"
  }
]
