[
  {
    "machine": "MIDI-CI.DiscoveryRequest",
    "sequence": [
      "Start",
      "Reply"
    ],
    "expect": "Completed"
  },
  {
    "machine": "MIDI-CI.DiscoveryRequest",
    "sequence": [
      "Start",
      "Timeout"
    ],
    "expect": "Failed"
  },
  {
    "machine": "MIDI-CI.DiscoveryReply",
    "sequence": [
      "Notify"
    ],
    "expect": "Completed"
  },
  {
    "machine": "MIDI-CI.InquiryEndpointInformation",
    "sequence": [
      "Start",
      "Reply"
    ],
    "expect": "Completed"
  },
  {
    "machine": "MIDI-CI.InquiryEndpointInformation",
    "sequence": [
      "Start",
      "Timeout"
    ],
    "expect": "Failed"
  },
  {
    "machine": "MIDI-CI.ReplytoEndpointInformation",
    "sequence": [
      "Notify"
    ],
    "expect": "Completed"
  },
  {
    "machine": "MIDI-CI.MIDICIACK",
    "sequence": [
      "Notify"
    ],
    "expect": "Completed"
  },
  {
    "machine": "MIDI-CI.InvalidateMUID",
    "sequence": [
      "Notify"
    ],
    "expect": "Completed"
  },
  {
    "machine": "MIDI-CI.MIDICINAK",
    "sequence": [
      "Notify"
    ],
    "expect": "Completed"
  },
  {
    "machine": "MIDI-CI.InitiateProtocolNegotiationMessage",
    "sequence": [
      "Start",
      "Reply"
    ],
    "expect": "Completed"
  },
  {
    "machine": "MIDI-CI.InitiateProtocolNegotiationMessage",
    "sequence": [
      "Start",
      "Timeout"
    ],
    "expect": "Failed"
  },
  {
    "machine": "MIDI-CI.ReplytoInitiateProtocolNegotiationMessage",
    "sequence": [
      "Notify"
    ],
    "expect": "Completed"
  },
  {
    "machine": "MIDI-CI.SetNewProtocolMessage",
    "sequence": [
      "Notify"
    ],
    "expect": "Completed"
  },
  {
    "machine": "MIDI-CI.TestNewProtocolInitiatortoResponderMessage",
    "sequence": [
      "Start",
      "Reply"
    ],
    "expect": "Completed"
  },
  {
    "machine": "MIDI-CI.TestNewProtocolInitiatortoResponderMessage",
    "sequence": [
      "Start",
      "Timeout"
    ],
    "expect": "Failed"
  },
  {
    "machine": "MIDI-CI.TestNewProtocolRespondertoInitiatorMessage",
    "sequence": [
      "Start",
      "Reply"
    ],
    "expect": "Completed"
  },
  {
    "machine": "MIDI-CI.TestNewProtocolRespondertoInitiatorMessage",
    "sequence": [
      "Start",
      "Timeout"
    ],
    "expect": "Failed"
  },
  {
    "machine": "MIDI-CI.ConfirmationNewProtocolEstablishedMessage",
    "sequence": [
      "Notify"
    ],
    "expect": "Completed"
  },
  {
    "machine": "MIDI-CI.ProfileInquiryMessage",
    "sequence": [
      "Start",
      "Reply"
    ],
    "expect": "Completed"
  },
  {
    "machine": "MIDI-CI.ProfileInquiryMessage",
    "sequence": [
      "Start",
      "Timeout"
    ],
    "expect": "Failed"
  },
  {
    "machine": "MIDI-CI.ReplytoProfileInquiryMessage",
    "sequence": [
      "Notify"
    ],
    "expect": "Completed"
  },
  {
    "machine": "MIDI-CI.SetProfileOnMessage",
    "sequence": [
      "Notify"
    ],
    "expect": "Completed"
  },
  {
    "machine": "MIDI-CI.SetProfileOffMessage",
    "sequence": [
      "Notify"
    ],
    "expect": "Completed"
  },
  {
    "machine": "MIDI-CI.ProfileEnabledReportMessage",
    "sequence": [
      "Notify"
    ],
    "expect": "Completed"
  },
  {
    "machine": "MIDI-CI.ProfileDisabledReportMessage",
    "sequence": [
      "Notify"
    ],
    "expect": "Completed"
  },
  {
    "machine": "MIDI-CI.ProfileAddedReportMessage",
    "sequence": [
      "Notify"
    ],
    "expect": "Completed"
  },
  {
    "machine": "MIDI-CI.ProfileRemovedReportMessage",
    "sequence": [
      "Notify"
    ],
    "expect": "Completed"
  },
  {
    "machine": "MIDI-CI.ProfileDetailsInquiryMessage",
    "sequence": [
      "Start",
      "Reply"
    ],
    "expect": "Completed"
  },
  {
    "machine": "MIDI-CI.ProfileDetailsInquiryMessage",
    "sequence": [
      "Start",
      "Timeout"
    ],
    "expect": "Failed"
  },
  {
    "machine": "MIDI-CI.ReplytoProfileDetailsInquiryMessage",
    "sequence": [
      "Notify"
    ],
    "expect": "Completed"
  },
  {
    "machine": "MIDI-CI.ProfileSpecificDatamessage",
    "sequence": [
      "Notify"
    ],
    "expect": "Completed"
  },
  {
    "machine": "MIDI-CI.InquiryPropertyExchangeCapabilities",
    "sequence": [
      "Start",
      "Reply"
    ],
    "expect": "Completed"
  },
  {
    "machine": "MIDI-CI.InquiryPropertyExchangeCapabilities",
    "sequence": [
      "Start",
      "Timeout"
    ],
    "expect": "Failed"
  },
  {
    "machine": "MIDI-CI.ReplytoPropertyExchangeCapabilities",
    "sequence": [
      "Notify"
    ],
    "expect": "Completed"
  },
  {
    "machine": "MIDI-CI.InquiryGetPropertyData",
    "sequence": [
      "Start",
      "Reply"
    ],
    "expect": "Completed"
  },
  {
    "machine": "MIDI-CI.InquiryGetPropertyData",
    "sequence": [
      "Start",
      "ReplyChunk",
      "Reply"
    ],
    "expect": "Completed"
  },
  {
    "machine": "MIDI-CI.InquiryGetPropertyData",
    "sequence": [
      "Start",
      "Timeout"
    ],
    "expect": "Failed"
  },
  {
    "machine": "MIDI-CI.ReplytoGetPropertyData",
    "sequence": [
      "Notify"
    ],
    "expect": "Completed"
  },
  {
    "machine": "MIDI-CI.InquirySetPropertyData",
    "sequence": [
      "Start",
      "Reply"
    ],
    "expect": "Completed"
  },
  {
    "machine": "MIDI-CI.InquirySetPropertyData",
    "sequence": [
      "Start",
      "ReplyChunk",
      "Reply"
    ],
    "expect": "Completed"
  },
  {
    "machine": "MIDI-CI.InquirySetPropertyData",
    "sequence": [
      "Start",
      "Timeout"
    ],
    "expect": "Failed"
  },
  {
    "machine": "MIDI-CI.ReplytoSetPropertyData",
    "sequence": [
      "Notify"
    ],
    "expect": "Completed"
  },
  {
    "machine": "MIDI-CI.Subscription",
    "sequence": [
      "Start",
      "Reply"
    ],
    "expect": "Completed"
  },
  {
    "machine": "MIDI-CI.Subscription",
    "sequence": [
      "Start",
      "Timeout"
    ],
    "expect": "Failed"
  },
  {
    "machine": "MIDI-CI.ReplytoSubscription",
    "sequence": [
      "Notify"
    ],
    "expect": "Completed"
  },
  {
    "machine": "MIDI-CI.NotifyMessage",
    "sequence": [
      "Notify"
    ],
    "expect": "Completed"
  },
  {
    "machine": "MIDI-CI.ProcessInquiryMessage",
    "sequence": [
      "Start",
      "Reply"
    ],
    "expect": "Completed"
  },
  {
    "machine": "MIDI-CI.ProcessInquiryMessage",
    "sequence": [
      "Start",
      "Timeout"
    ],
    "expect": "Failed"
  },
  {
    "machine": "MIDI-CI.ReplytoProcessInquiryMessage",
    "sequence": [
      "Notify"
    ],
    "expect": "Completed"
  },
  {
    "machine": "MIDI-CI.InquiryMIDIMessageReport",
    "sequence": [
      "Start",
      "ReplyBegin",
      "ReplyEnd"
    ],
    "expect": "Completed"
  },
  {
    "machine": "MIDI-CI.InquiryMIDIMessageReport",
    "sequence": [
      "Start",
      "Timeout"
    ],
    "expect": "Failed"
  },
  {
    "machine": "MIDI-CI.ReplytoMIDIMessageReportBegin",
    "sequence": [
      "Notify"
    ],
    "expect": "Completed"
  },
  {
    "machine": "MIDI-CI.ReplytoMIDIMessageReportEnd",
    "sequence": [
      "Notify"
    ],
    "expect": "Completed"
  }
]