[
  {
    "note": "TODO: replace with profiles_pe data extracted from Workbench runtime"
  }
]
