[
  {
    "note": "placeholder for ump_channel_voice data â€“ integrate with Workbench runtime to populate"
  }
]
