[
  {
    "name": "FlexDataMessages.FlexDataMessages0x1FlexDataMessages0x0",
    "case": "form_0_ch1_g2",
    "raw": "0x1021D",
    "decoded": {
      "messageType": 13,
      "channel": 1,
      "group": 2,
      "form": 0,
      "statusMSB": 1,
      "statusLSB": 0
    }
  },
  {
    "name": "FlexDataMessages.FlexDataMessages0x1FlexDataMessages0x0",
    "case": "form_1_ch1_g2",
    "raw": "0x1121D",
    "decoded": {
      "messageType": 13,
      "channel": 1,
      "group": 2,
      "form": 1,
      "statusMSB": 1,
      "statusLSB": 0
    }
  },
  {
    "name": "FlexDataMessages.FlexDataMessages0x1FlexDataMessages0x0",
    "case": "form_2_ch1_g2",
    "raw": "0x1221D",
    "decoded": {
      "messageType": 13,
      "channel": 1,
      "group": 2,
      "form": 2,
      "statusMSB": 1,
      "statusLSB": 0
    }
  },
  {
    "name": "FlexDataMessages.FlexDataMessages0x1FlexDataMessages0x0",
    "case": "form_3_ch1_g2",
    "raw": "0x1321D",
    "decoded": {
      "messageType": 13,
      "channel": 1,
      "group": 2,
      "form": 3,
      "statusMSB": 1,
      "statusLSB": 0
    }
  },
  {
    "name": "FlexDataMessages.FlexDataMessages0x1FlexDataMessages0x1",
    "case": "form_0_ch1_g2",
    "raw": "0x101021D",
    "decoded": {
      "messageType": 13,
      "channel": 1,
      "group": 2,
      "form": 0,
      "statusMSB": 1,
      "statusLSB": 1
    }
  },
  {
    "name": "FlexDataMessages.FlexDataMessages0x1FlexDataMessages0x1",
    "case": "form_1_ch1_g2",
    "raw": "0x101121D",
    "decoded": {
      "messageType": 13,
      "channel": 1,
      "group": 2,
      "form": 1,
      "statusMSB": 1,
      "statusLSB": 1
    }
  },
  {
    "name": "FlexDataMessages.FlexDataMessages0x1FlexDataMessages0x1",
    "case": "form_2_ch1_g2",
    "raw": "0x101221D",
    "decoded": {
      "messageType": 13,
      "channel": 1,
      "group": 2,
      "form": 2,
      "statusMSB": 1,
      "statusLSB": 1
    }
  },
  {
    "name": "FlexDataMessages.FlexDataMessages0x1FlexDataMessages0x1",
    "case": "form_3_ch1_g2",
    "raw": "0x101321D",
    "decoded": {
      "messageType": 13,
      "channel": 1,
      "group": 2,
      "form": 3,
      "statusMSB": 1,
      "statusLSB": 1
    }
  },
  {
    "name": "FlexDataMessages.FlexDataMessages0x1FlexDataMessages0x2",
    "case": "form_0_ch1_g2",
    "raw": "0x201021D",
    "decoded": {
      "messageType": 13,
      "channel": 1,
      "group": 2,
      "form": 0,
      "statusMSB": 1,
      "statusLSB": 2
    }
  },
  {
    "name": "FlexDataMessages.FlexDataMessages0x1FlexDataMessages0x2",
    "case": "form_1_ch1_g2",
    "raw": "0x201121D",
    "decoded": {
      "messageType": 13,
      "channel": 1,
      "group": 2,
      "form": 1,
      "statusMSB": 1,
      "statusLSB": 2
    }
  },
  {
    "name": "FlexDataMessages.FlexDataMessages0x1FlexDataMessages0x2",
    "case": "form_2_ch1_g2",
    "raw": "0x201221D",
    "decoded": {
      "messageType": 13,
      "channel": 1,
      "group": 2,
      "form": 2,
      "statusMSB": 1,
      "statusLSB": 2
    }
  },
  {
    "name": "FlexDataMessages.FlexDataMessages0x1FlexDataMessages0x2",
    "case": "form_3_ch1_g2",
    "raw": "0x201321D",
    "decoded": {
      "messageType": 13,
      "channel": 1,
      "group": 2,
      "form": 3,
      "statusMSB": 1,
      "statusLSB": 2
    }
  }
]