[
  {
    "note": "placeholder for ump_system data â€“ integrate with Workbench runtime to populate"
  }
]
