[
  {
    "name": "MIDIEndpoint.StreamConfigurationRequest",
    "case": "form0_protocol1",
    "raw": "0x1014F",
    "decoded": {
      "form": 0,
      "protocol": 1
    }
  },
  {
    "name": "MIDIEndpoint.StartofSequenceMessage",
    "case": "form_complete",
    "raw": "0x80F",
    "decoded": {
      "form": 0
    }
  }
]
