[
  {
    "case": "midi1_program_change_5",
    "raw": "0xA0C02",
    "decoded": {
      "messageType": 2,
      "group": 0,
      "statusNibble": 12,
      "channel": 0,
      "program": 5
    }
  }
]